// Jest Snapshot v1, https://goo.gl/fbAQLP

exports[`GifGridItem.test should display <GifGridItem> correctly 1`] = `
<div
  className="card animate__animated animate__fadeIn"
>
  <img
    alt="Animated GIF"
    src="https://media3.giphy.com/media/PMKXvSyDWwQc8/giphy.gif?cid=b1d1d056uwtfhachwkjcdo0og4d4m8990ued0ypenf37rghl&rid=giphy.gif"
  />
  <p>
    Animated GIF
  </p>
</div>
`;
